// Jest Snapshot v1, https://goo.gl/fbAQLP

exports[`social-callback.vue should match snapshot 1`] = `
<section class="container container--fluid">
  <div class="row justify-center">
    <div class="v-card--material pa-3 pa-6 v-card v-sheet theme--light v-card--material--has-heading" style="min-width: 50%;" min-width="50%">
      <div class="d-flex grow flex-wrap">
        <div class="text-start v-card--material__heading mb-n6 v-sheet theme--dark elevation-6 info pa-7" style="width: 100%;">
          <div class="display-2 font-weight-light">
            Successfully logged in via <span class="text-capitalize"></span></div>
          <!---->
          <!---->
        </div>
        <!---->
      </div> <span> <!----> <!----></span>
      <div role="alert" class="v-alert v-sheet theme--dark info">
        <div class="v-alert__wrapper"><i aria-hidden="true" class="v-icon notranslate v-alert__icon material-icons theme--dark">$info</i>
          <div class="v-alert__content">
            Please wait while logging you into the system...
          </div>
        </div>
      </div>
      <!---->
      <!---->
    </div>
  </div>
</section>
`;
