// Jest Snapshot v1, https://goo.gl/fbAQLP

exports[`verify-mobile.vue should match snapshot 1`] = `
<section class="container container--fluid">
  <div class="row justify-center">
    <div class="v-card--material pa-3 pa-6 v-card v-sheet theme--light v-card--material--has-heading" style="min-width: 50%;" min-width="50%">
      <div class="d-flex grow flex-wrap">
        <div class="text-start v-card--material__heading mb-n6 v-sheet theme--dark elevation-6 info pa-7" style="width: 100%;">
          <div class="display-2 font-weight-light">
            Mobile Verification
          </div>
          <div class="subtitle-1 font-weight-light">
            Verify your mobile
          </div>
          <!---->
          <!---->
        </div>
        <!---->
      </div> <span> <!----> <!----></span>
      <div class="row mt-5 align-center justify-center">
        <p class="display-1 ma-10">
          Please <router-link-stub to="/dashboard/account/recovery-questions/" tag="a" ariacurrentvalue="page" event="click">
            set your recovery questions
          </router-link-stub> to be able to use this feature.
        </p>
      </div>
      <!---->
    </div>
  </div>
</section>
`;
